[INFO] Scanning for projects...
[INFO] 
[INFO] ------------------------< com.smarthome:nexus >-------------------------
[INFO] Building Nexus Smart Home 0.0.1-SNAPSHOT
[INFO]   from pom.xml
[INFO] --------------------------------[ jar ]---------------------------------
[INFO] 
[INFO] --- resources:3.3.1:resources (default-resources) @ nexus ---
[INFO] Copying 1 resource from src\main\resources to target\classes
[INFO] Copying 3 resources from src\main\resources to target\classes
[INFO] 
[INFO] --- compiler:3.11.0:compile (default-compile) @ nexus ---
[INFO] Nothing to compile - all classes are up to date
[INFO] 
[INFO] --- resources:3.3.1:testResources (default-testResources) @ nexus ---
[INFO] skip non existing resourceDirectory E:\BuiQuangSang_SPKT\HK2\laptrinhweb\Smart_Home\src\test\resources
[INFO] 
[INFO] --- compiler:3.11.0:testCompile (default-testCompile) @ nexus ---
[INFO] Nothing to compile - all classes are up to date
[INFO] 
[INFO] --- surefire:3.1.2:test (default-test) @ nexus ---
[INFO] Using auto detected provider org.apache.maven.surefire.junitplatform.JUnitPlatformProvider
[INFO] 
[INFO] -------------------------------------------------------
[INFO]  T E S T S
[INFO] -------------------------------------------------------
[INFO] Running com.smarthome.nexus.controller.EnergyMonitoringControllerTest
16:58:15.371 [main] INFO org.springframework.test.context.support.AnnotationConfigContextLoaderUtils -- Could not detect default configuration classes for test class [com.smarthome.nexus.controller.EnergyMonitoringControllerTest]: EnergyMonitoringControllerTest does not declare any static, non-private, non-final, nested classes annotated with @Configuration.
16:58:15.469 [main] INFO org.springframework.boot.test.context.SpringBootTestContextBootstrapper -- Found @SpringBootConfiguration com.smarthome.nexus.NexusApplication for test class com.smarthome.nexus.controller.EnergyMonitoringControllerTest
16:58:15.561 [main] INFO org.springframework.boot.devtools.restart.RestartApplicationListener -- Restart disabled due to context in which it is running

  .   ____          _            __ _ _
 /\\ / ___'_ __ _ _(_)_ __  __ _ \ \ \ \
( ( )\___ | '_ | '_| | '_ \/ _` | \ \ \ \
 \\/  ___)| |_)| | | | | || (_| |  ) ) ) )
  '  |____| .__|_| |_|_| |_\__, | / / / /
 =========|_|==============|___/=/_/_/_/
 :: Spring Boot ::                (v3.2.4)

2026-03-11T16:58:15.725+07:00  INFO 18444 --- [Nexus Smart Home] [           main] c.s.n.c.EnergyMonitoringControllerTest   : Starting EnergyMonitoringControllerTest using Java 21.0.10 with PID 18444 (started by BUI QUANG SANG in E:\BuiQuangSang_SPKT\HK2\laptrinhweb\Smart_Home)
2026-03-11T16:58:15.726+07:00  INFO 18444 --- [Nexus Smart Home] [           main] c.s.n.c.EnergyMonitoringControllerTest   : No active profile set, falling back to 1 default profile: "default"
2026-03-11T16:58:16.342+07:00  INFO 18444 --- [Nexus Smart Home] [           main] .s.d.r.c.RepositoryConfigurationDelegate : Bootstrapping Spring Data JPA repositories in DEFAULT mode.
2026-03-11T16:58:16.417+07:00  INFO 18444 --- [Nexus Smart Home] [           main] .s.d.r.c.RepositoryConfigurationDelegate : Finished Spring Data repository scanning in 71 ms. Found 9 JPA repository interfaces.
2026-03-11T16:58:18.005+07:00  INFO 18444 --- [Nexus Smart Home] [           main] o.hibernate.jpa.internal.util.LogHelper  : HHH000204: Processing PersistenceUnitInfo [name: default]
2026-03-11T16:58:18.075+07:00  INFO 18444 --- [Nexus Smart Home] [           main] org.hibernate.Version                    : HHH000412: Hibernate ORM core version 6.4.4.Final
2026-03-11T16:58:18.118+07:00  INFO 18444 --- [Nexus Smart Home] [           main] o.h.c.internal.RegionFactoryInitiator    : HHH000026: Second-level cache disabled
2026-03-11T16:58:18.228+07:00  INFO 18444 --- [Nexus Smart Home] [           main] o.s.o.j.p.SpringPersistenceUnitInfo      : No LoadTimeWeaver setup: ignoring JPA class transformer
2026-03-11T16:58:18.252+07:00  INFO 18444 --- [Nexus Smart Home] [           main] com.zaxxer.hikari.HikariDataSource       : HikariPool-1 - Starting...
2026-03-11T16:58:18.377+07:00  INFO 18444 --- [Nexus Smart Home] [           main] com.zaxxer.hikari.pool.HikariPool        : HikariPool-1 - Added connection com.mysql.cj.jdbc.ConnectionImpl@499c4d61
2026-03-11T16:58:18.378+07:00  INFO 18444 --- [Nexus Smart Home] [           main] com.zaxxer.hikari.HikariDataSource       : HikariPool-1 - Start completed.
2026-03-11T16:58:18.402+07:00  WARN 18444 --- [Nexus Smart Home] [           main] org.hibernate.dialect.Dialect            : HHH000511: The 5.5.0 version for [org.hibernate.dialect.MySQLDialect] is no longer supported, hence certain features may not work properly. The minimum supported version is 8.0.0. Check the community dialects project for available legacy versions.
2026-03-11T16:58:18.406+07:00  WARN 18444 --- [Nexus Smart Home] [           main] org.hibernate.orm.deprecation            : HHH90000025: MySQLDialect does not need to be specified explicitly using 'hibernate.dialect' (remove the property setting and it will be selected by default)
2026-03-11T16:58:19.071+07:00  INFO 18444 --- [Nexus Smart Home] [           main] o.h.e.t.j.p.i.JtaPlatformInitiator       : HHH000489: No JTA platform available (set 'hibernate.transaction.jta.platform' to enable JTA platform integration)
2026-03-11T16:58:19.141+07:00  INFO 18444 --- [Nexus Smart Home] [           main] j.LocalContainerEntityManagerFactoryBean : Initialized JPA EntityManagerFactory for persistence unit 'default'
2026-03-11T16:58:19.495+07:00  INFO 18444 --- [Nexus Smart Home] [           main] o.s.d.j.r.query.QueryEnhancerFactory     : Hibernate is in classpath; If applicable, HQL parser will be used.
2026-03-11T16:58:20.594+07:00  WARN 18444 --- [Nexus Smart Home] [           main] JpaBaseConfiguration$JpaWebConfiguration : spring.jpa.open-in-view is enabled by default. Therefore, database queries may be performed during view rendering. Explicitly configure spring.jpa.open-in-view to disable this warning
2026-03-11T16:58:20.756+07:00  INFO 18444 --- [Nexus Smart Home] [           main] o.s.b.a.w.s.WelcomePageHandlerMapping    : Adding welcome page: class path resource [static/index.html]
2026-03-11T16:58:20.941+07:00  INFO 18444 --- [Nexus Smart Home] [           main] o.s.s.web.DefaultSecurityFilterChain     : Will secure any request with [org.springframework.security.web.session.DisableEncodeUrlFilter@48313ada, org.springframework.security.web.context.request.async.WebAsyncManagerIntegrationFilter@8b5de1b, org.springframework.security.web.context.SecurityContextHolderFilter@1328a5de, org.springframework.security.web.header.HeaderWriterFilter@629eeeec, org.springframework.web.filter.CorsFilter@1dba3c62, org.springframework.security.web.authentication.logout.LogoutFilter@4e8c27f7, com.smarthome.nexus.security.JwtAuthenticationFilter@187b33de, org.springframework.security.web.savedrequest.RequestCacheAwareFilter@29007172, org.springframework.security.web.servletapi.SecurityContextHolderAwareRequestFilter@76705ce1, org.springframework.security.web.authentication.AnonymousAuthenticationFilter@3dd64a1a, org.springframework.security.web.session.SessionManagementFilter@4eb32d54, org.springframework.security.web.access.ExceptionTranslationFilter@6a377a, org.springframework.security.web.access.intercept.AuthorizationFilter@3a0f497e]
2026-03-11T16:58:21.289+07:00  INFO 18444 --- [Nexus Smart Home] [           main] o.s.b.t.m.w.SpringBootMockServletContext : Initializing Spring TestDispatcherServlet ''
2026-03-11T16:58:21.289+07:00  INFO 18444 --- [Nexus Smart Home] [           main] o.s.t.web.servlet.TestDispatcherServlet  : Initializing Servlet ''
2026-03-11T16:58:21.290+07:00  INFO 18444 --- [Nexus Smart Home] [           main] o.s.t.web.servlet.TestDispatcherServlet  : Completed initialization in 1 ms
2026-03-11T16:58:21.301+07:00  INFO 18444 --- [Nexus Smart Home] [           main] o.s.m.s.b.SimpleBrokerMessageHandler     : Starting...
2026-03-11T16:58:21.302+07:00  INFO 18444 --- [Nexus Smart Home] [           main] o.s.m.s.b.SimpleBrokerMessageHandler     : BrokerAvailabilityEvent[available=true, SimpleBrokerMessageHandler [org.springframework.messaging.simp.broker.DefaultSubscriptionRegistry@44eb9af1]]
2026-03-11T16:58:21.303+07:00  INFO 18444 --- [Nexus Smart Home] [           main] o.s.m.s.b.SimpleBrokerMessageHandler     : Started.
2026-03-11T16:58:21.315+07:00  INFO 18444 --- [Nexus Smart Home] [           main] c.s.n.c.EnergyMonitoringControllerTest   : Started EnergyMonitoringControllerTest in 5.761 seconds (process running for 6.425)
2026-03-11T16:58:21.320+07:00  INFO 18444 --- [Nexus Smart Home] [MessageBroker-1] c.s.n.s.DeviceStatusMonitorService       : Monitoring device statuses...
Hibernate: 
    UPDATE
        devices 
    SET
        room_id = NULL 
    WHERE
        room_id NOT IN (SELECT
            id 
        FROM
            rooms)
Hibernate: 
    select
        d1_0.id,
        d1_0.created_at,
        d1_0.type_id,
        d1_0.energy_kw,
        d1_0.is_online,
        d1_0.last_active_time,
        d1_0.name,
        d1_0.room_id,
        d1_0.status 
    from
        devices d1_0

MockHttpServletRequest:
      HTTP Method = GET
      Request URI = /api/energy-monitoring
       Parameters = {}
          Headers = []
             Body = null
    Session Attrs = {}

Handler:
             Type = null

Async:
    Async started = false
     Async result = null

Resolved Exception:
             Type = null

ModelAndView:
        View name = null
             View = null
            Model = null

FlashMap:
       Attributes = null

MockHttpServletResponse:
           Status = 403
    Error message = Access Denied
          Headers = [Vary:"Origin", "Access-Control-Request-Method", "Access-Control-Request-Headers", X-Content-Type-Options:"nosniff", X-XSS-Protection:"0", Cache-Control:"no-cache, no-store, max-age=0, must-revalidate", Pragma:"no-cache", Expires:"0", X-Frame-Options:"DENY"]
     Content type = null
             Body = 
    Forwarded URL = null
   Redirected URL = null
          Cookies = []
2026-03-11T16:58:21.450+07:00  INFO 18444 --- [Nexus Smart Home] [           main] c.s.n.c.EnergyMonitoringController       : REST request to get energy records. Filters: deviceId=null, start=null, end=null
[ERROR] Tests run: 2, Failures: 1, Errors: 0, Skipped: 0, Time elapsed: 6.277 s <<< FAILURE! -- in com.smarthome.nexus.controller.EnergyMonitoringControllerTest
[ERROR] com.smarthome.nexus.controller.EnergyMonitoringControllerTest.getEnergyRecords_unauthorized_returns401 -- Time elapsed: 0.044 s <<< FAILURE!
java.lang.AssertionError: Status expected:<401> but was:<403>
	at org.springframework.test.util.AssertionErrors.fail(AssertionErrors.java:59)
	at org.springframework.test.util.AssertionErrors.assertEquals(AssertionErrors.java:122)
	at org.springframework.test.web.servlet.result.StatusResultMatchers.lambda$matcher$9(StatusResultMatchers.java:637)
	at org.springframework.test.web.servlet.MockMvc$1.andExpect(MockMvc.java:214)
	at com.smarthome.nexus.controller.EnergyMonitoringControllerTest.getEnergyRecords_unauthorized_returns401(EnergyMonitoringControllerTest.java:57)
	at java.base/java.lang.reflect.Method.invoke(Method.java:580)
	at java.base/java.util.ArrayList.forEach(ArrayList.java:1596)
	at java.base/java.util.ArrayList.forEach(ArrayList.java:1596)

[INFO] 
[INFO] Results:
[INFO] 
[ERROR] Failures: 
[ERROR]   EnergyMonitoringControllerTest.getEnergyRecords_unauthorized_returns401:57 Status expected:<401> but was:<403>
[INFO] 
[ERROR] Tests run: 2, Failures: 1, Errors: 0, Skipped: 0
[INFO] 
[INFO] ------------------------------------------------------------------------
[INFO] BUILD FAILURE
[INFO] ------------------------------------------------------------------------
[INFO] Total time:  7.912 s
[INFO] Finished at: 2026-03-11T16:58:21+07:00
[INFO] ------------------------------------------------------------------------
[ERROR] Failed to execute goal org.apache.maven.plugins:maven-surefire-plugin:3.1.2:test (default-test) on project nexus: There are test failures.
[ERROR] 
[ERROR] Please refer to E:\BuiQuangSang_SPKT\HK2\laptrinhweb\Smart_Home\target\surefire-reports for the individual test results.
[ERROR] Please refer to dump files (if any exist) [date].dump, [date]-jvmRun[N].dump and [date].dumpstream.
[ERROR] -> [Help 1]
[ERROR] 
[ERROR] To see the full stack trace of the errors, re-run Maven with the -e switch.
[ERROR] Re-run Maven using the -X switch to enable full debug logging.
[ERROR] 
[ERROR] For more information about the errors and possible solutions, please read the following articles:
[ERROR] [Help 1] http://cwiki.apache.org/confluence/display/MAVEN/MojoFailureException
